// Jest Snapshot v1, https://goo.gl/fbAQLP

exports[`renders chart correctly 1`] = `
<View
  className="VictoryContainer"
  pointerEvents="box-none"
  style={
    {
      "position": "relative",
    }
  }
>
  <RNSVGSvgView
    align="xMidYMid"
    bbHeight="500"
    bbWidth="750"
    focusable={false}
    height={500}
    meetOrSlice={0}
    minX={0}
    minY={0}
    onTouchEnd={[Function]}
    onTouchMove={[Function]}
    onTouchPinch={[Function]}
    onTouchStart={[Function]}
    role="img"
    style={
      [
        {
          "backgroundColor": "transparent",
          "borderWidth": 0,
        },
        {
          "height": "100%",
          "width": "100%",
        },
        {
          "flex": 0,
          "height": 500,
          "width": 750,
        },
      ]
    }
    vbHeight={500}
    vbWidth={750}
    width={750}
  >
    <RNSVGGroup>
      <RNSVGRect
        fill={null}
        height="500"
        propList={
          [
            "fill",
          ]
        }
        width="750"
        x="0"
        y="0"
      />
      <RNSVGGroup>
        <RNSVGLine
          propList={
            [
              "stroke",
            ]
          }
          stroke={
            {
              "payload": 4278190080,
              "type": 0,
            }
          }
          vectorEffect={1}
          x1="0"
          x2="0"
          y1="0"
          y2="0"
        />
      </RNSVGGroup>
      <RNSVGGroup>
        <RNSVGLine
          fill={
            {
              "payload": 0,
              "type": 0,
            }
          }
          propList={
            [
              "fill",
              "stroke",
              "strokeWidth",
              "strokeLinecap",
              "strokeLinejoin",
            ]
          }
          stroke={
            {
              "payload": 4280624421,
              "type": 0,
            }
          }
          strokeLinecap={1}
          strokeLinejoin={1}
          strokeWidth="1"
          vectorEffect={1}
          x1="50"
          x2="700"
          y1="450"
          y2="450"
        />
        <RNSVGGroup>
          <RNSVGText
            content={null}
            dx={
              [
                "0",
              ]
            }
            dy={[]}
            font={{}}
            name="chart-axis-1-tickLabels-0"
            rotate={[]}
            x={
              [
                "175.20630260143935",
              ]
            }
            y={
              [
                "472.97",
              ]
            }
          >
            <RNSVGTSpan
              content="100"
              dx={
                [
                  "0",
                ]
              }
              dy={
                [
                  "0",
                ]
              }
              fill={
                {
                  "payload": 4280624421,
                  "type": 0,
                }
              }
              font={
                {
                  "fontFamily": "Gill Sans",
                  "fontSize": "14",
                  "letterSpacing": "normal",
                  "textAnchor": "middle",
                }
              }
              propList={
                [
                  "fill",
                ]
              }
              rotate={[]}
              x={
                [
                  "175.20630260143935",
                ]
              }
              y={[]}
            />
          </RNSVGText>
        </RNSVGGroup>
        <RNSVGGroup>
          <RNSVGText
            content={null}
            dx={
              [
                "0",
              ]
            }
            dy={[]}
            font={{}}
            name="chart-axis-1-tickLabels-1"
            rotate={[]}
            x={
              [
                "300.41260520287875",
              ]
            }
            y={
              [
                "472.97",
              ]
            }
          >
            <RNSVGTSpan
              content="200"
              dx={
                [
                  "0",
                ]
              }
              dy={
                [
                  "0",
                ]
              }
              fill={
                {
                  "payload": 4280624421,
                  "type": 0,
                }
              }
              font={
                {
                  "fontFamily": "Gill Sans",
                  "fontSize": "14",
                  "letterSpacing": "normal",
                  "textAnchor": "middle",
                }
              }
              propList={
                [
                  "fill",
                ]
              }
              rotate={[]}
              x={
                [
                  "300.41260520287875",
                ]
              }
              y={[]}
            />
          </RNSVGText>
        </RNSVGGroup>
        <RNSVGGroup>
          <RNSVGText
            content={null}
            dx={
              [
                "0",
              ]
            }
            dy={[]}
            font={{}}
            name="chart-axis-1-tickLabels-2"
            rotate={[]}
            x={
              [
                "425.6189078043181",
              ]
            }
            y={
              [
                "472.97",
              ]
            }
          >
            <RNSVGTSpan
              content="300"
              dx={
                [
                  "0",
                ]
              }
              dy={
                [
                  "0",
                ]
              }
              fill={
                {
                  "payload": 4280624421,
                  "type": 0,
                }
              }
              font={
                {
                  "fontFamily": "Gill Sans",
                  "fontSize": "14",
                  "letterSpacing": "normal",
                  "textAnchor": "middle",
                }
              }
              propList={
                [
                  "fill",
                ]
              }
              rotate={[]}
              x={
                [
                  "425.6189078043181",
                ]
              }
              y={[]}
            />
          </RNSVGText>
        </RNSVGGroup>
        <RNSVGGroup>
          <RNSVGText
            content={null}
            dx={
              [
                "0",
              ]
            }
            dy={[]}
            font={{}}
            name="chart-axis-1-tickLabels-3"
            rotate={[]}
            x={
              [
                "550.8252104057575",
              ]
            }
            y={
              [
                "472.97",
              ]
            }
          >
            <RNSVGTSpan
              content="400"
              dx={
                [
                  "0",
                ]
              }
              dy={
                [
                  "0",
                ]
              }
              fill={
                {
                  "payload": 4280624421,
                  "type": 0,
                }
              }
              font={
                {
                  "fontFamily": "Gill Sans",
                  "fontSize": "14",
                  "letterSpacing": "normal",
                  "textAnchor": "middle",
                }
              }
              propList={
                [
                  "fill",
                ]
              }
              rotate={[]}
              x={
                [
                  "550.8252104057575",
                ]
              }
              y={[]}
            />
          </RNSVGText>
        </RNSVGGroup>
        <RNSVGGroup>
          <RNSVGText
            content={null}
            dx={
              [
                "0",
              ]
            }
            dy={[]}
            font={{}}
            name="chart-axis-1-tickLabels-4"
            rotate={[]}
            x={
              [
                "676.0315130071968",
              ]
            }
            y={
              [
                "472.97",
              ]
            }
          >
            <RNSVGTSpan
              content="500"
              dx={
                [
                  "0",
                ]
              }
              dy={
                [
                  "0",
                ]
              }
              fill={
                {
                  "payload": 4280624421,
                  "type": 0,
                }
              }
              font={
                {
                  "fontFamily": "Gill Sans",
                  "fontSize": "14",
                  "letterSpacing": "normal",
                  "textAnchor": "middle",
                }
              }
              propList={
                [
                  "fill",
                ]
              }
              rotate={[]}
              x={
                [
                  "676.0315130071968",
                ]
              }
              y={[]}
            />
          </RNSVGText>
        </RNSVGGroup>
      </RNSVGGroup>
      <RNSVGGroup
        clipPath="victory-clip-2"
      >
        <RNSVGGroup>
          <RNSVGDefs>
            <RNSVGClipPath
              name="victory-clip-2"
            >
              <RNSVGRect
                height="400"
                vectorEffect={1}
                width="650"
                x="50"
                y="50"
              />
            </RNSVGClipPath>
          </RNSVGDefs>
        </RNSVGGroup>
      </RNSVGGroup>
      <View
        pointerEvents="box-none"
        style={
          {
            "left": 0,
            "position": "absolute",
            "top": 0,
            "zIndex": 99,
          }
        }
      >
        <RNSVGSvgView
          align="xMidYMid"
          bbHeight="500"
          bbWidth="750"
          focusable={false}
          height={500}
          meetOrSlice={0}
          minX={0}
          minY={0}
          style={
            [
              {
                "backgroundColor": "transparent",
                "borderWidth": 0,
              },
              {
                "height": "100%",
                "overflow": "visible",
                "width": "100%",
              },
              {
                "flex": 0,
                "height": 500,
                "width": 750,
              },
            ]
          }
          vbHeight={500}
          vbWidth={750}
          width={750}
        >
          <RNSVGGroup />
        </RNSVGSvgView>
      </View>
    </RNSVGGroup>
  </RNSVGSvgView>
</View>
`;
